# Widget Hierarchy

- **SizeBox_Root** (/Script/UMG.SizeBox)
  - **Border_0** (/Script/UMG.Border)
    - **Overlay_Box** (/Script/UMG.Overlay)
      - **Image_Background** (/Script/UMG.Image)
      - **MainMenuBox** (/Script/UMG.VerticalBox)
        - **AttributesBorder** (/Script/UMG.Border)
          - **AttributeAreas** (/Script/UMG.HorizontalBox)
            - **Border_2** (/Script/UMG.Border)
              - **Spacer_162** (/Script/UMG.Spacer)
                - Size: `(X=5.000000,Y=1.000000)`
            - **PrimaryMain** (/Script/UMG.VerticalBox)
              - **PrimaryTitle** (/Script/UMG.TextBlock)
                - Text: `Primary`
              - **PrimaryRows** (/Script/UMG.VerticalBox)
                - **WBP_Primary_1** (/Game/BPs/UI/AttributesMenu/WBP_AttributeValueRowButton.WBP_AttributeValueRowButton_C)
                - **WBP_Primary_2** (/Game/BPs/UI/AttributesMenu/WBP_AttributeValueRowButton.WBP_AttributeValueRowButton_C)
                - **WBP_Primary_3** (/Game/BPs/UI/AttributesMenu/WBP_AttributeValueRowButton.WBP_AttributeValueRowButton_C)
                - **WBP_Primary_4** (/Game/BPs/UI/AttributesMenu/WBP_AttributeValueRowButton.WBP_AttributeValueRowButton_C)
                - **WBP_Primary_5** (/Game/BPs/UI/AttributesMenu/WBP_AttributeValueRowButton.WBP_AttributeValueRowButton_C)
            - **SecondaryMain** (/Script/UMG.VerticalBox)
              - **SecondaryRows** (/Script/UMG.HorizontalBox)
                - **LeftArea** (/Script/UMG.VerticalBox)
                  - **WBP_Secondary_1** (/Game/BPs/UI/AttributesMenu/WBP_AttributeValueRow.WBP_AttributeValueRow_C)
                  - **WBP_Secondary_2** (/Game/BPs/UI/AttributesMenu/WBP_AttributeValueRow.WBP_AttributeValueRow_C)
                  - **WBP_Secondary_3** (/Game/BPs/UI/AttributesMenu/WBP_AttributeValueRow.WBP_AttributeValueRow_C)
                  - **WBP_Secondary_4** (/Game/BPs/UI/AttributesMenu/WBP_AttributeValueRow.WBP_AttributeValueRow_C)
                  - **WBP_Secondary_5** (/Game/BPs/UI/AttributesMenu/WBP_AttributeValueRow.WBP_AttributeValueRow_C)
                  - **WBP_Secondary_6** (/Game/BPs/UI/AttributesMenu/WBP_AttributeValueRow.WBP_AttributeValueRow_C)
                  - **WBP_Secondary_7** (/Game/BPs/UI/AttributesMenu/WBP_AttributeValueRow.WBP_AttributeValueRow_C)
                  - **WBP_Secondary_8** (/Game/BPs/UI/AttributesMenu/WBP_AttributeValueRow.WBP_AttributeValueRow_C)
                - **RightArea** (/Script/UMG.VerticalBox)
                  - **WBP_Secondary_9** (/Game/BPs/UI/AttributesMenu/WBP_AttributeValueRow.WBP_AttributeValueRow_C)
                  - **WBP_Secondary_10** (/Game/BPs/UI/AttributesMenu/WBP_AttributeValueRow.WBP_AttributeValueRow_C)
                  - **WBP_Secondary_11** (/Game/BPs/UI/AttributesMenu/WBP_AttributeValueRow.WBP_AttributeValueRow_C)
                  - **WBP_Secondary_12** (/Game/BPs/UI/AttributesMenu/WBP_AttributeValueRow.WBP_AttributeValueRow_C)
                  - **WBP_Secondary_13** (/Game/BPs/UI/AttributesMenu/WBP_AttributeValueRow.WBP_AttributeValueRow_C)
                  - **WBP_Secondary_14** (/Game/BPs/UI/AttributesMenu/WBP_AttributeValueRow.WBP_AttributeValueRow_C)
                  - **WBP_Secondary_15** (/Game/BPs/UI/AttributesMenu/WBP_AttributeValueRow.WBP_AttributeValueRow_C)
                  - **WBP_Secondary_16** (/Game/BPs/UI/AttributesMenu/WBP_AttributeValueRow.WBP_AttributeValueRow_C)
              - **SecondaryTitle** (/Script/UMG.TextBlock)
                - Text: `Secondary`
        - **AvailablePoint** (/Script/UMG.HorizontalBox)
          - **AvailablePointsText** (/Script/UMG.TextBlock)
            - Text: `Available Points:`
          - **AvailablePointsValue** (/Script/UMG.TextBlock)
            - Text: `99`
          - **Buttons** (/Script/UMG.HorizontalBox)
            - **WBP_ResetButton** (/Game/BPs/UI/Buttons/WBP_AddButton.WBP_AddButton_C)
              - SizeBoxWidth: `50.000000`
              - SizeBoxHeight: `50.000000`
              - ButtonText: `×`
              - TextBorderPadding: `(Top=3.500000)`
            - **Spacer_227** (/Script/UMG.Spacer)
              - Size: `(X=10.000000,Y=1.000000)`
            - **WBP_SummitButton** (/Game/BPs/UI/Buttons/WBP_AddButton.WBP_AddButton_C)
              - SizeBoxWidth: `50.000000`
              - SizeBoxHeight: `50.000000`
              - ButtonText: `√`
              - TextBorderPadding: `(Left=0.000000,Top=6.000000,Bottom=0.000000)`
          - **Spacer** (/Script/UMG.Spacer)
            - Size: `(X=10.000000,Y=1.000000)`
        - **TextBlock_128** (/Script/UMG.TextBlock)
          - Text: `Attributes`
      - **CloseButton** (/Game/BPs/UI/Buttons/WBP_CloseButton.WBP_CloseButton_C)