#### Event: WidgetControllerSet

  if (cast(WidgetController as AbilityButtonController)):
    As Ability Button Controller = cast(WidgetController as AbilityButtonController)
  As Ability Button Controller.SetWidgetReferences(InIconImage: Ability_Image_Icon, InNameText: Ability_Name_Tag)

#### Event: "Ability_Button"."OnClicked"

  As Ability Button Controller.OnClicked()