#### Event: K2_ActivateAbility

  K2_CommitAbility()
  if (IsOwningActorPlayerControlled()):
    // Unsupported node: /Script/GameplayAbilitiesEditor.K2Node_LatentAbilityCall (K2Node_LatentAbilityCall_2)
  else:
    if (cast(AvatarActor as BaseCharacter)):
      declare AsBaseCharacter: BaseCharacter = cast(AvatarActor as BaseCharacter)
      // Unsupported node: /Script/BlueprintGraph.K2Node_AddDelegate (K2Node_AddDelegate_0)
      // Unsupported node: /Script/BlueprintGraph.K2Node_Message (K2Node_Message_2)
      // Unsupported node: /Script/GameplayAbilitiesEditor.K2Node_LatentAbilityCall (K2Node_LatentAbilityCall_0)
      if (AvatarActor.HasAuthority()):
        for each (ArrayElement, ArrayIndex) in "UnknownExpression":
          // Unsupported node: /Script/GameplayAbilitiesEditor.K2Node_LatentAbilityCall (K2Node_LatentAbilityCall_1)

#### Event: Spawn

  // Unsupported node: /Script/BlueprintGraph.K2Node_SpawnActorFromClass (K2Node_SpawnActorFromClass_0)
  Macro_StandardMacros(CurrentIndex)
  if ("UnknownExpression"):
    // 空分支
  else:
    K2_ClearAndInvalidateTimerHandle(WorldContextObject: None, Handle: SummonTimerHandle)

#### Event: OnMotionWarping(TargetLocation: struct)

  TargetLocation = OnMotionWarping