#### Event: WidgetControllerSet

  if (cast(WidgetController as AttributesMenuController)):
    declare AsAttributesMenuController: AttributesMenuController = cast(WidgetController as AttributesMenuController)
    As Attributes Menu Controller = stmt_result_436DD8B2
  // Unsupported node: /Script/BlueprintGraph.K2Node_MacroInstance (K2Node_MacroInstance_0)
  if (cast("UnknownExpression" as PlayerUserWidget)):
    declare AsPlayerUserWidget: PlayerUserWidget = cast("UnknownExpression" as PlayerUserWidget)
    As Attributes Menu Controller.GetPrimaryRowController(Index: "UnknownExpression")
    "UnknownExpression".SetWidgetController(InWidgetController: As Attributes Menu Controller.GetPrimaryRowController(Index: "UnknownExpression"))
  // Unsupported node: /Script/BlueprintGraph.K2Node_MacroInstance (K2Node_MacroInstance_3)
  if (cast("UnknownExpression" as PlayerUserWidget)):
    declare AsPlayerUserWidget: PlayerUserWidget = cast("UnknownExpression" as PlayerUserWidget)
    SecondaryRows.Array_AddUnique(self: None, NewItem: stmt_result_EBC12EB0)
  As Attributes Menu Controller.SetAvailablePointsText(InTextBlock: AvailablePointsValue)
  As Attributes Menu Controller.UpdateUI()