#### Event: CloseAttributesMenu

  As Attributes Menu Controller.HandleCloseButtonClicked()
  ParentMenuAnchor.Close()

#### Event: OnMenuOpenChanged_Event(bIsOpen: bool)

  if (stmt_result_95B2E7F6):
    // 空分支
  else:
    As Attributes Menu Controller.HandleCloseButtonClicked()

#### Event: Construct

  // Unsupported node: /Script/BlueprintGraph.K2Node_AssignDelegate (K2Node_AssignDelegate_0)
  // Unsupported node: /Script/BlueprintGraph.K2Node_AssignDelegate (K2Node_AssignDelegate_3)
  // Unsupported node: /Script/BlueprintGraph.K2Node_AssignDelegate (K2Node_AssignDelegate_1)
  // Unsupported node: /Script/BlueprintGraph.K2Node_AssignDelegate (K2Node_AssignDelegate_2)

#### Event: OnClicked_Event

  As Attributes Menu Controller.HandleResetButtonClicked()

#### Event: OnClicked_Event_0

  As Attributes Menu Controller.HandleSubmitButtonClicked()