#### Event: CloseAttributesMenu

  As Attributes Menu Controller.HandleCloseButtonClicked()
  ParentMenuAnchor.Close()

#### Event: OnMenuOpenChanged_Event(bIsOpen: bool)

  if ("OnMenuOpenChanged_Event"):
    // 空分支
  else:
    As Attributes Menu Controller.HandleCloseButtonClicked()

#### Event: Construct

  CloseButton.Button.OnClicked = "CloseAttributesMenu"
  ParentMenuAnchor.OnMenuOpenChanged = "OnMenuOpenChanged_Event"
  WBP_ResetButton.Button.OnClicked = "OnClicked_Event"
  WBP_SummitButton.Button.OnClicked = "OnClicked_Event_0"

#### Event: OnClicked_Event

  As Attributes Menu Controller.HandleResetButtonClicked()

#### Event: OnClicked_Event_0

  As Attributes Menu Controller.HandleSubmitButtonClicked()